<?xml version="1.0" encoding="UTF-8"?>
<TestRun id="a04e2322-b763-42f2-9146-22514d86243e" name="dennis@SERVER 2015-08-03 21:37:42" runUser="VENDJUUREN\dennis" xmlns="http://microsoft.com/schemas/VisualStudio/TeamTest/2006">
  <TestRunConfiguration name="Local Test Run" id="b764eab8-ff7e-4592-8690-2360f6019acd">
    <Description>This is a default test run configuration for a local test run.</Description>
    <Deployment runDeploymentRoot="E:\Old mirror 05-01-13\Development\Projects\devc#2008\Domotica\TestResults\dennis_SERVER 2015-08-03 21_37_42">
      <DeploymentItem filename="E:\Old mirror 05-01-13\Development\Projects\devc#2008\VendjuurenLibrary\bin\Debug\Vendjuuren.Library.dll" />
      <DeploymentItem filename="E:\Old mirror 05-01-13\Development\Projects\devc#2008\Domotica\DomoticaLibrary\bin\Debug\Vendjuuren.Domotica.Library.dll" />
      <DeploymentItem filename="E:\Old mirror 05-01-13\Development\Projects\devc#2008\SQL\bin\Debug\Vendjuuren.SQL.dll" />
      <DeploymentItem filename="E:\Old mirror 05-01-13\Development\Projects\devc#2008\Json60r8\Bin\Net35\Newtonsoft.Json.dll" />
    </Deployment>
    <TestTypeSpecific />
  </TestRunConfiguration>
  <ResultSummary outcome="Completed">
    <Counters total="1" executed="1" passed="1" error="0" failed="0" timeout="0" aborted="0" inconclusive="0" passedButRunAborted="0" notRunnable="0" notExecuted="0" disconnected="0" warning="0" completed="0" inProgress="0" pending="0" />
  </ResultSummary>
  <Times creation="2015-08-03T21:37:42.8387779+02:00" queuing="2015-08-03T21:37:45.0539994+02:00" start="2015-08-03T21:37:45.2750215+02:00" finish="2015-08-03T21:39:14.5182436+02:00" />
  <TestDefinitions>
    <UnitTest name="SunriseSunSetAPITest" storage="e:\old mirror 05-01-13\development\projects\devc#2008\domotica\domoticatest\bin\debug\domoticatest.dll" id="de50796f-d32f-05a1-4511-abda9a4af00d">
      <Css projectStructure="" iteration="" />
      <Owners>
        <Owner name="" />
      </Owners>
      <Execution id="055628e8-fcfb-442a-8d7a-f993e1b6c64f" />
      <TestMethod codeBase="E:\Old mirror 05-01-13\Development\Projects\devc#2008\Domotica\DomoticaTest\bin\Debug\DomoticaTest.dll" adapterTypeName="Microsoft.VisualStudio.TestTools.TestTypes.Unit.UnitTestAdapter, Microsoft.VisualStudio.QualityTools.Tips.UnitTest.Adapter, Version=9.0.0.0, Culture=neutral, PublicKeyToken=b03f5f7f11d50a3a" className="DomoticaTest.APIServicesTest, DomoticaTest" name="SunriseSunSetAPITest" />
    </UnitTest>
  </TestDefinitions>
  <TestLists>
    <TestList name="Results Not in a List" id="8c84fa94-04c1-424b-9868-57a2d4851a1d" />
    <TestList name="All Loaded Results" id="19431567-8539-422a-85d7-44ee4e166bda" />
  </TestLists>
  <TestEntries>
    <TestEntry testId="de50796f-d32f-05a1-4511-abda9a4af00d" executionId="055628e8-fcfb-442a-8d7a-f993e1b6c64f" testListId="8c84fa94-04c1-424b-9868-57a2d4851a1d" />
  </TestEntries>
  <Results>
    <UnitTestResult executionId="055628e8-fcfb-442a-8d7a-f993e1b6c64f" testId="de50796f-d32f-05a1-4511-abda9a4af00d" testName="SunriseSunSetAPITest" computerName="SERVER" duration="00:01:26.7078970" startTime="2015-08-03T21:37:45.4310371+02:00" endTime="2015-08-03T21:39:12.8912524+02:00" testType="13cdc9d9-ddb5-4fa4-a97d-d965ccfc6d4b" outcome="Passed" testListId="8c84fa94-04c1-424b-9868-57a2d4851a1d">
      <Output>
        <DebugTrace>Test: DatabaseSelect; SELECT *  FROM [Service] WHERE [Service].ID='a97dda12-90ea-4076-b03d-18627e956949'
Test: SchedulerResolvedData; Service: SunriseSunset, Url: http://api.sunrise-sunset.org/json?lat=52.091226&amp;lng=4.866822&amp;formatted=0&amp;date=today
Test: DatabaseUpdate; UPDATE [Service]SET 
Enabled=@Enabled,LastResponse=@LastResponse,ErrorDetected=@ErrorDetected,LastUpdatedSuccessful=@LastUpdatedSuccessful,Modified=@Modified,ModifiedBy=@ModifiedBy WHERE ID='a97dda12-90ea-4076-b03d-18627e956949'

Test: DatabaseSelect; SELECT *  FROM [Service] WHERE [Service].ID='a97dda12-90ea-4076-b03d-18627e956949'
Test: SchedulerResolvedData; Service: SunriseSunset, Url: http://api.sunrise-sunset.org/json?lat=52.091226&amp;lng=4.866822&amp;formatted=0&amp;date=today
Test: DatabaseUpdate; UPDATE [Service]SET 
Enabled=@Enabled,LastResponse=@LastResponse,ErrorDetected=@ErrorDetected,LastUpdatedSuccessful=@LastUpdatedSuccessful,Modified=@Modified,ModifiedBy=@ModifiedBy WHERE ID='a97dda12-90ea-4076-b03d-18627e956949'

</DebugTrace>
      </Output>
    </UnitTestResult>
  </Results>
</TestRun>