<?xml version="1.0" encoding="UTF-8"?>
<TestRun id="d25e8b0c-3e56-4535-9216-d3c4b70a9e27" name="dennis@SERVER 2015-06-08 07:23:11" runUser="VENDJUUREN\dennis" xmlns="http://microsoft.com/schemas/VisualStudio/TeamTest/2006">
  <TestRunConfiguration name="Local Test Run" id="b764eab8-ff7e-4592-8690-2360f6019acd">
    <Description>This is a default test run configuration for a local test run.</Description>
    <Deployment runDeploymentRoot="E:\Old mirror 05-01-13\Development\Projects\devc#2008\Domotica\TestResults\dennis_SERVER 2015-06-08 07_23_11">
      <DeploymentItem filename="E:\Old mirror 05-01-13\Development\Projects\devc#2008\VendjuurenLibrary\bin\Debug\Vendjuuren.Library.dll" />
      <DeploymentItem filename="E:\Old mirror 05-01-13\Development\Projects\devc#2008\Domotica\DomoticaLibrary\bin\Debug\Vendjuuren.Domotica.Library.dll" />
      <DeploymentItem filename="E:\Old mirror 05-01-13\Development\Projects\devc#2008\SQL\bin\Debug\Vendjuuren.SQL.dll" />
      <DeploymentItem filename="E:\Old mirror 05-01-13\Development\Projects\devc#2008\Json60r8\Bin\Net35\Newtonsoft.Json.dll" />
    </Deployment>
    <TestTypeSpecific />
  </TestRunConfiguration>
  <ResultSummary outcome="Completed">
    <Counters total="1" executed="1" passed="1" error="0" failed="0" timeout="0" aborted="0" inconclusive="0" passedButRunAborted="0" notRunnable="0" notExecuted="0" disconnected="0" warning="0" completed="0" inProgress="0" pending="0" />
  </ResultSummary>
  <Times creation="2015-06-08T07:23:11.0496000+02:00" queuing="2015-06-08T07:23:23.4632000+02:00" start="2015-06-08T07:23:24.3382000+02:00" finish="2015-06-08T07:24:51.0602000+02:00" />
  <TestDefinitions>
    <UnitTest name="SerializeTest" storage="e:\old mirror 05-01-13\development\projects\devc#2008\domotica\domoticatest\bin\debug\domoticatest.dll" id="e7e40001-60b0-1af4-9ef5-2d5ab7afa9c5">
      <Css projectStructure="" iteration="" />
      <Owners>
        <Owner name="" />
      </Owners>
      <Execution id="e4e6e1b0-8c36-402a-9b75-eea889ebf6e5" />
      <TestMethod codeBase="E:\Old mirror 05-01-13\Development\Projects\devc#2008\Domotica\DomoticaTest\bin\Debug\DomoticaTest.dll" adapterTypeName="Microsoft.VisualStudio.TestTools.TestTypes.Unit.UnitTestAdapter, Microsoft.VisualStudio.QualityTools.Tips.UnitTest.Adapter, Version=9.0.0.0, Culture=neutral, PublicKeyToken=b03f5f7f11d50a3a" className="DomoticaTest.SerializationTests, DomoticaTest" name="SerializeTest" />
    </UnitTest>
  </TestDefinitions>
  <TestLists>
    <TestList name="Results Not in a List" id="8c84fa94-04c1-424b-9868-57a2d4851a1d" />
    <TestList name="All Loaded Results" id="19431567-8539-422a-85d7-44ee4e166bda" />
  </TestLists>
  <TestEntries>
    <TestEntry testId="e7e40001-60b0-1af4-9ef5-2d5ab7afa9c5" executionId="e4e6e1b0-8c36-402a-9b75-eea889ebf6e5" testListId="8c84fa94-04c1-424b-9868-57a2d4851a1d" />
  </TestEntries>
  <Results>
    <UnitTestResult executionId="e4e6e1b0-8c36-402a-9b75-eea889ebf6e5" testId="e7e40001-60b0-1af4-9ef5-2d5ab7afa9c5" testName="SerializeTest" computerName="SERVER" duration="00:01:24.5514100" startTime="2015-06-08T07:23:24.5442000+02:00" endTime="2015-06-08T07:24:50.4002000+02:00" testType="13cdc9d9-ddb5-4fa4-a97d-d965ccfc6d4b" outcome="Passed" testListId="8c84fa94-04c1-424b-9868-57a2d4851a1d">
      <Output>
        <DebugTrace>Test: DatabaseSelect; SELECT *  FROM [Device]
Test: DatabaseSelect; SELECT *  FROM [Group] WHERE [Group].ID='bf9a5d92-d21d-4428-9549-e63d23e28b63'
</DebugTrace>
      </Output>
    </UnitTestResult>
  </Results>
</TestRun>