<?xml version="1.0" encoding="UTF-8"?>
<TestRun id="bd659438-81a8-456c-880f-abb918edc270" name="dennis@SERVER 2015-08-03 14:51:30" runUser="VENDJUUREN\dennis" xmlns="http://microsoft.com/schemas/VisualStudio/TeamTest/2006">
  <TestRunConfiguration name="Local Test Run" id="b764eab8-ff7e-4592-8690-2360f6019acd">
    <Description>This is a default test run configuration for a local test run.</Description>
    <Deployment runDeploymentRoot="E:\Old mirror 05-01-13\Development\Projects\devc#2008\Domotica\TestResults\dennis_SERVER 2015-08-03 14_51_30">
      <DeploymentItem filename="E:\Old mirror 05-01-13\Development\Projects\devc#2008\VendjuurenLibrary\bin\Debug\Vendjuuren.Library.dll" />
      <DeploymentItem filename="E:\Old mirror 05-01-13\Development\Projects\devc#2008\Domotica\DomoticaLibrary\bin\Debug\Vendjuuren.Domotica.Library.dll" />
      <DeploymentItem filename="E:\Old mirror 05-01-13\Development\Projects\devc#2008\SQL\bin\Debug\Vendjuuren.SQL.dll" />
      <DeploymentItem filename="E:\Old mirror 05-01-13\Development\Projects\devc#2008\Json60r8\Bin\Net35\Newtonsoft.Json.dll" />
    </Deployment>
    <TestTypeSpecific />
  </TestRunConfiguration>
  <ResultSummary outcome="Completed">
    <Counters total="1" executed="1" passed="1" error="0" failed="0" timeout="0" aborted="0" inconclusive="0" passedButRunAborted="0" notRunnable="0" notExecuted="0" disconnected="0" warning="0" completed="0" inProgress="0" pending="0" />
  </ResultSummary>
  <Times creation="2015-08-03T14:51:30.2840502+02:00" queuing="2015-08-03T14:51:32.2965018+02:00" start="2015-08-03T14:51:32.5149074+02:00" finish="2015-08-03T14:51:49.2853374+02:00" />
  <TestDefinitions>
    <UnitTest name="WeatherAPITest" storage="e:\old mirror 05-01-13\development\projects\devc#2008\domotica\domoticatest\bin\debug\domoticatest.dll" id="0a17603e-c1e0-5ea3-4e56-6b5f5365b6d3">
      <Css projectStructure="" iteration="" />
      <Owners>
        <Owner name="" />
      </Owners>
      <Execution id="49119949-f1af-4b7c-a6c6-70ac65e86af7" />
      <TestMethod codeBase="E:\Old mirror 05-01-13\Development\Projects\devc#2008\Domotica\DomoticaTest\bin\Debug\DomoticaTest.dll" adapterTypeName="Microsoft.VisualStudio.TestTools.TestTypes.Unit.UnitTestAdapter, Microsoft.VisualStudio.QualityTools.Tips.UnitTest.Adapter, Version=9.0.0.0, Culture=neutral, PublicKeyToken=b03f5f7f11d50a3a" className="DomoticaTest.APIServicesTest, DomoticaTest" name="WeatherAPITest" />
    </UnitTest>
  </TestDefinitions>
  <TestLists>
    <TestList name="Results Not in a List" id="8c84fa94-04c1-424b-9868-57a2d4851a1d" />
    <TestList name="All Loaded Results" id="19431567-8539-422a-85d7-44ee4e166bda" />
  </TestLists>
  <TestEntries>
    <TestEntry testId="0a17603e-c1e0-5ea3-4e56-6b5f5365b6d3" executionId="49119949-f1af-4b7c-a6c6-70ac65e86af7" testListId="8c84fa94-04c1-424b-9868-57a2d4851a1d" />
  </TestEntries>
  <Results>
    <UnitTestResult executionId="49119949-f1af-4b7c-a6c6-70ac65e86af7" testId="0a17603e-c1e0-5ea3-4e56-6b5f5365b6d3" testName="WeatherAPITest" computerName="SERVER" duration="00:00:15.7146895" startTime="2015-08-03T14:51:32.6553110+02:00" endTime="2015-08-03T14:51:49.1917350+02:00" testType="13cdc9d9-ddb5-4fa4-a97d-d965ccfc6d4b" outcome="Passed" testListId="8c84fa94-04c1-424b-9868-57a2d4851a1d">
      <Output>
        <DebugTrace>Test: DatabaseSelect; SELECT *  FROM [Service] WHERE [Service].ID='7b7c915b-b134-4083-895d-84e950fce066'
Test: DatabaseUpdate; UPDATE [Service]SET 
LastResponse=@LastResponse,ErrorDetected=@ErrorDetected,LastUpdatedSuccessful=@LastUpdatedSuccessful,Modified=@Modified,ModifiedBy=@ModifiedBy WHERE ID='7b7c915b-b134-4083-895d-84e950fce066'

</DebugTrace>
      </Output>
    </UnitTestResult>
  </Results>
</TestRun>